  $ ../../../../../../install/default/bin/stanc --auto-format ipm.stan
functions {
  real real_poisson_lpdf(real n, real lambda) {
    real lp;
    if (lambda < 0) {
      reject("lambda must not be negative; found lambda=", lambda);
    }
    else if (n < 0) {
      reject("n must not be negative; found n=", n);
    }
    else {
      lp = n * log(lambda) - lambda - lgamma(n + 1);
    }
    return lp;
  }
  real real_binomial_lpdf(real n, real N, real theta) {
    real lp;
    if (N < 0) {
      reject("N must be non-negative; found N=", N);
    }
    else if (theta < 0 || theta > 1) {
      reject("theta must be in [0,1]; found theta=", theta);
    }
    else if (n < 0 || n > N) {
      reject("n must be in [0,N]; found n=", n);
    }
    else {
      lp = lchoose(N, n) + n * log(theta) + (N - n) * log(1 - theta);
    }
    return lp;
  }
  array[] vector marray(int nyears, vector sjuv, vector sad, vector p) {
    int ny_minus_1 = nyears - 1;
    array[2 * ny_minus_1] vector[nyears] pr;
    vector[ny_minus_1] q = 1 - p;
    real prod_s;
    real prod_q;
    for (t in 1 : ny_minus_1) {
      pr[t, t] = sjuv[t] * p[t];
      prod_s = 1;
      prod_q = 1;
      for (j in (t + 1) : ny_minus_1) {
        prod_s = prod_s * sad[j];
        prod_q = prod_q * q[j - 1];
        pr[t, j] = sjuv[t] * prod_s * prod_q * p[j];
      }
      for (j in 1 : (t - 1)) 
        pr[t, j] = 0;
      pr[t, nyears] = 1 - sum(pr[t, 1 : ny_minus_1]);
    }
    for (t in 1 : ny_minus_1) {
      pr[t + nyears - 1, t] = sad[t] * p[t];
      prod_s = sad[t];
      prod_q = 1;
      for (j in (t + 1) : ny_minus_1) {
        prod_s = prod_s * sad[j];
        prod_q = prod_q * q[j - 1];
        pr[t + nyears - 1, j] = prod_s * prod_q * p[j];
      }
      for (j in 1 : (t - 1)) 
        pr[t + nyears - 1, j] = 0;
      pr[t + nyears - 1, nyears] = 1
                                   - sum(pr[t + nyears - 1, 1 : ny_minus_1]);
    }
    return pr;
  }
}
data {
  int nyears;
  vector[nyears] y;
  array[nyears - 1] int J;
  array[nyears - 1] int R;
  array[2 * (nyears - 1), nyears] int m;
}
transformed data {
  int ny_minus_1 = nyears - 1;
}
parameters {
  real<lower=0> sigma_y;
  vector<lower=0>[nyears] N1;
  vector<lower=0>[nyears] Nad;
  real<lower=0, upper=1> mean_sjuv;
  real<lower=0, upper=1> mean_sad;
  real<lower=0, upper=1> mean_p;
  real<lower=0> mean_fec;
}
transformed parameters {
  vector<lower=0, upper=1>[ny_minus_1] sjuv;
  vector<lower=0, upper=1>[ny_minus_1] sad;
  vector<lower=0, upper=1>[ny_minus_1] p;
  vector<lower=0>[ny_minus_1] f;
  vector<lower=0>[nyears] Ntot;
  array[2 * ny_minus_1] simplex[nyears] pr;
  vector<lower=0>[ny_minus_1] rho;
  for (t in 1 : ny_minus_1) {
    sjuv[t] = mean_sjuv;
    sad[t] = mean_sad;
    p[t] = mean_p;
    f[t] = mean_fec;
  }
  Ntot = Nad + N1;
  pr = marray(nyears, sjuv, sad, p);
  for (t in 1 : ny_minus_1) 
    rho[t] = R[t] * f[t];
}
model {
  N1[1] ~ normal(100, 100);
  Nad[1] ~ normal(100, 100);
  for (t in 2 : nyears) {
    real mean1;
    mean1 = f[t - 1] / 2 * sjuv[t - 1] * Ntot[t - 1];
    N1[t] ~ real_poisson(mean1);
    Nad[t] ~ real_binomial(Ntot[t - 1], sad[t - 1]);
  }
  y ~ normal(Ntot, sigma_y);
  for (t in 1 : (2 * ny_minus_1)) {
    m[t] ~ multinomial(pr[t]);
  }
  J ~ poisson(rho);
}
generated quantities {
  vector<lower=0>[ny_minus_1] lambda;
  real<lower=0> sigma2_y = square(sigma_y);
  lambda[1 : ny_minus_1] = Ntot[2 : nyears] ./ Ntot[1 : ny_minus_1];
}

  $ ../../../../../../install/default/bin/stanc --auto-format ipm_hoopoe.stan
functions {
  real real_poisson_lpdf(real n, real lambda) {
    real lp;
    if (lambda < 0) {
      reject("lambda must be non-negative; found lambda=", lambda);
    }
    else if (n < 0) {
      reject("n must not be negative; found n=", n);
    }
    else {
      lp = n * log(lambda) - lambda - lgamma(n + 1);
    }
    return lp;
  }
  real real_binomial_lpdf(real n, real N, real theta) {
    real lp;
    if (N < 0) {
      reject("N must be non-negative; found N=", N);
    }
    else if (theta < 0 || theta > 1) {
      reject("theta must be in [0,1]; found theta=", theta);
    }
    else if (n < 0 || n > N) {
      reject("n must be in [0,N]; found n=", n);
    }
    else {
      lp = lchoose(N, n) + n * log(theta) + (N - n) * log(1 - theta);
    }
    return lp;
  }
  array[] vector marray_juveniles(int nyears, vector phij, vector phia,
                                  vector p) {
    int ny_minus_1 = nyears - 1;
    array[ny_minus_1] vector[nyears] pr_j;
    vector[ny_minus_1] q = 1 - p;
    real prod_phi;
    real prod_q;
    for (t in 1 : ny_minus_1) {
      pr_j[t, t] = phij[t] * p[t];
      prod_phi = 1;
      prod_q = 1;
      for (j in (t + 1) : ny_minus_1) {
        prod_phi = prod_phi * phia[j];
        prod_q = prod_q * q[j - 1];
        pr_j[t, j] = phij[t] * prod_phi * prod_q * p[j];
      }
      for (j in 1 : (t - 1)) 
        pr_j[t, j] = 0;
      pr_j[t, nyears] = 1 - sum(pr_j[t, 1 : (nyears - 1)]);
    }
    return pr_j;
  }
  array[] vector marray_adults(int nyears, vector phia, vector p) {
    int ny_minus_1 = nyears - 1;
    array[ny_minus_1] vector[nyears] pr_a;
    vector[nyears - 1] q = 1 - p;
    real prod_phi;
    real prod_q;
    for (t in 1 : (nyears - 1)) {
      pr_a[t, t] = phia[t] * p[t];
      prod_phi = phia[t];
      prod_q = 1;
      for (j in (t + 1) : (nyears - 1)) {
        prod_phi = prod_phi * phia[j];
        prod_q = prod_q * q[j - 1];
        pr_a[t, j] = prod_phi * prod_q * p[j];
      }
      for (j in 1 : (t - 1)) 
        pr_a[t, j] = 0;
      pr_a[t, nyears] = 1 - sum(pr_a[t, 1 : (nyears - 1)]);
    }
    return pr_a;
  }
}
data {
  int nyears;
  array[nyears] int y;
  array[nyears - 1] int J;
  array[nyears - 1] int R;
  array[nyears - 1, nyears] int marray_j;
  array[nyears - 1, nyears] int marray_a;
}
transformed data {
  int ny_minus_1 = nyears - 1;
}
parameters {
  vector<lower=0>[nyears] N1;
  vector<lower=0>[nyears] NadSurv;
  vector<lower=0>[nyears] Nadimm;
  real l_mphij;
  real l_mphia;
  real l_mfec;
  real l_mim;
  real l_p;
  vector[ny_minus_1] epsilon_phij_raw;
  vector[ny_minus_1] epsilon_phia_raw;
  vector[ny_minus_1] epsilon_fec_raw;
  vector[ny_minus_1] epsilon_im_raw;
  real<lower=0> sig_phij;
  real<lower=0> sig_phia;
  real<lower=0> sig_fec;
  real<lower=0> sig_im;
}
transformed parameters {
  vector[ny_minus_1] epsilon_phij;
  vector[ny_minus_1] epsilon_phia;
  vector[ny_minus_1] epsilon_fec;
  vector[ny_minus_1] epsilon_im;
  vector<lower=0, upper=1>[ny_minus_1] phij;
  vector<lower=0, upper=1>[ny_minus_1] phia;
  vector<lower=0>[ny_minus_1] f;
  vector<lower=0>[ny_minus_1] omega;
  vector<lower=0, upper=1>[ny_minus_1] p;
  vector<lower=0>[nyears] Ntot;
  vector<lower=0>[ny_minus_1] rho;
  array[ny_minus_1] simplex[nyears] pr_j;
  array[ny_minus_1] simplex[nyears] pr_a;
  epsilon_phij = sig_phij * epsilon_phij_raw;
  epsilon_phia = sig_phia * epsilon_phia_raw;
  epsilon_fec = sig_fec * epsilon_fec_raw;
  epsilon_im = sig_im * epsilon_im_raw;
  for (t in 1 : (nyears - 1)) {
    phij[t] = inv_logit(l_mphij + epsilon_phij[t]);
    phia[t] = inv_logit(l_mphia + epsilon_phia[t]);
    f[t] = exp(l_mfec + epsilon_fec[t]);
    omega[t] = exp(l_mim + epsilon_im[t]);
    p[t] = inv_logit(l_p);
  }
  Ntot = NadSurv + Nadimm + N1;
  pr_j = marray_juveniles(nyears, phij, phia, p);
  pr_a = marray_adults(nyears, phia, p);
  for (t in 1 : ny_minus_1) 
    rho[t] = R[t] * f[t];
}
model {
  N1[1] ~ normal(100, 100);
  NadSurv[1] ~ normal(100, 100);
  Nadimm[1] ~ normal(100, 100);
  l_mphij ~ normal(0, 100);
  l_mphia ~ normal(0, 100);
  l_mfec ~ normal(0, 100);
  l_mim ~ normal(0, 100);
  l_p ~ normal(0, 100);
  epsilon_phij_raw ~ normal(0, 1);
  epsilon_phia_raw ~ normal(0, 1);
  epsilon_fec_raw ~ normal(0, 1);
  epsilon_im_raw ~ normal(0, 1);
  for (t in 2 : nyears) {
    real mean1 = 0.5 * f[t - 1] * phij[t - 1] * Ntot[t - 1];
    real mpo = Ntot[t - 1] * omega[t - 1];
    N1[t] ~ real_poisson(mean1);
    NadSurv[t] ~ real_binomial(Ntot[t - 1], phia[t - 1]);
    Nadimm[t] ~ real_poisson(mpo);
  }
  y ~ poisson(Ntot);
  for (t in 1 : (nyears - 1)) {
    marray_j[t] ~ multinomial(pr_j[t]);
    marray_a[t] ~ multinomial(pr_a[t]);
  }
  J ~ poisson(rho);
}
generated quantities {
  real<lower=0, upper=1> mphij = inv_logit(l_mphij);
  real<lower=0, upper=1> mphia = inv_logit(l_mphia);
  real<lower=0> mfec = exp(l_mfec);
  real<lower=0> mim = exp(l_mim);
  vector<lower=0>[ny_minus_1] lambda;
  vector[ny_minus_1] logla;
  real<lower=0> mlam;
  lambda[1 : (nyears - 1)] = Ntot[2 : nyears] ./ Ntot[1 : (nyears - 1)];
  logla = log(lambda);
  mlam = exp(1.0 / ny_minus_1 * sum(logla));
}

  $ ../../../../../../install/default/bin/stanc --auto-format ipm_pred.stan
functions {
  real real_poisson_lpdf(real n, real lambda) {
    real lp;
    if (lambda < 0) {
      reject("lambda must be non-negative; found lambda=", lambda);
    }
    else if (n < 0) {
      reject("n must not be negative; found n=", n);
    }
    else {
      lp = n * log(lambda) - lambda - lgamma(n + 1);
    }
    return lp;
  }
  real real_binomial_lpdf(real n, real N, real theta) {
    real lp;
    if (N < 0) {
      reject("N must be non-negative; found N=", N);
    }
    else if (theta < 0 || theta > 1) {
      reject("theta must be in [0,1]; found theta=", theta);
    }
    else if (n < 0 || n > N) {
      reject("n must be in [0,N]; found n=", n);
    }
    else {
      lp = lchoose(N, n) + n * log(theta) + (N - n) * log(1 - theta);
    }
    return lp;
  }
  array[] vector marray(int nyears, vector sjuv, vector sad, vector p) {
    int ny_minus_1 = nyears - 1;
    array[2 * ny_minus_1] vector[nyears] pr;
    vector[nyears] q = 1 - p;
    real prod_s;
    real prod_q;
    for (t in 1 : ny_minus_1) {
      pr[t, t] = sjuv[t] * p[t];
      prod_s = 1;
      prod_q = 1;
      for (j in (t + 1) : ny_minus_1) {
        prod_s = prod_s * sad[j];
        prod_q = prod_q * q[j - 1];
        pr[t, j] = sjuv[t] * prod_s * prod_q * p[j];
      }
      for (j in 1 : (t - 1)) 
        pr[t, j] = 0;
      pr[t, nyears] = 1 - sum(pr[t, 1 : ny_minus_1]);
    }
    for (t in 1 : ny_minus_1) {
      pr[t + ny_minus_1, t] = sad[t] * p[t];
      prod_s = sad[t];
      prod_q = 1;
      for (j in (t + 1) : ny_minus_1) {
        prod_s = prod_s * sad[j];
        prod_q = prod_q * q[j - 1];
        pr[t + ny_minus_1, j] = prod_s * prod_q * p[j];
      }
      for (j in 1 : (t - 1)) 
        pr[t + ny_minus_1, j] = 0;
      pr[t + ny_minus_1, nyears] = 1
                                   - sum(pr[t + ny_minus_1, 1 : ny_minus_1]);
    }
    return pr;
  }
}
data {
  int nyears;
  vector[nyears] y;
  array[nyears - 1] int J;
  array[nyears - 1] int R;
  array[2 * (nyears - 1), nyears] int m;
  int<lower=1> t_pred;
}
transformed data {
  int ny_minus_1 = nyears - 1;
}
parameters {
  real<lower=0> sigma_y;
  vector<lower=0>[nyears] N1;
  vector<lower=0>[nyears] Nad;
  real<lower=0, upper=1> mean_sjuv;
  real<lower=0, upper=1> mean_sad;
  real<lower=0, upper=1> mean_p;
  real<lower=0> mean_fec;
}
transformed parameters {
  vector<lower=0, upper=1>[nyears] sjuv;
  vector<lower=0, upper=1>[nyears] sad;
  vector<lower=0, upper=1>[nyears] p;
  vector<lower=0>[nyears] f;
  vector<lower=0>[nyears] Ntot;
  array[2 * (ny_minus_1)] simplex[nyears] pr;
  vector<lower=0>[ny_minus_1] rho;
  for (t in 1 : nyears) {
    sjuv[t] = mean_sjuv;
    sad[t] = mean_sad;
    p[t] = mean_p;
    f[t] = mean_fec;
  }
  Ntot = Nad + N1;
  pr = marray(nyears, sjuv, sad, p);
  for (t in 1 : ny_minus_1) 
    rho[t] = R[t] * f[t];
}
model {
  N1[1] ~ normal(100, 100);
  Nad[1] ~ normal(100, 100);
  for (t in 2 : nyears) {
    real mean1;
    mean1 = f[t - 1] / 2 * sjuv[t - 1] * Ntot[t - 1];
    N1[t] ~ real_poisson(mean1);
    Nad[t] ~ real_binomial(Ntot[t - 1], sad[t - 1]);
  }
  y ~ normal(Ntot, sigma_y);
  for (t in 1 : (2 * ny_minus_1)) 
    m[t] ~ multinomial(pr[t]);
  J ~ poisson(rho);
}
generated quantities {
  vector<lower=0>[ny_minus_1] lambda;
  real<lower=0> sigma2_y = square(sigma_y);
  vector<lower=0, upper=1>[t_pred] sjuv_pred;
  vector<lower=0, upper=1>[t_pred] sad_pred;
  vector<lower=0, upper=20>[t_pred] f_pred;
  array[t_pred] int<lower=0> N1_pred;
  array[t_pred] int<lower=0> Nad_pred;
  array[t_pred] int<lower=0> Ntot_pred;
  int<lower=0> Ntot0;
  lambda[1 : ny_minus_1] = Ntot[2 : nyears] ./ Ntot[1 : ny_minus_1];
  {
    int ind = 1;
    int UP = 10000;
    real mean1;
    for (t in 1 : t_pred) {
      sjuv_pred[t] = mean_sjuv;
      sad_pred[t] = mean_sad;
      f_pred[t] = mean_fec;
    }
    while (ind < Ntot[nyears] && ind < UP) {
      ind = ind + 1;
    }
    if (ind == UP) {
      reject("The variable ind reached upper bounds:", ind);
    }
    else {
      Ntot0 = ind - 1;
    }
    mean1 = f[nyears] / 2.0 * sjuv[nyears] * Ntot0;
    N1_pred[1] = poisson_rng(mean1);
    Nad_pred[1] = binomial_rng(Ntot0, sad[nyears]);
    Ntot_pred[1] = N1_pred[1] + Nad_pred[1];
    for (t in 2 : t_pred) {
      mean1 = f_pred[t - 1] / 2.0 * sjuv_pred[t - 1] * Ntot_pred[t - 1];
      N1_pred[t] = poisson_rng(mean1);
      Nad_pred[t] = binomial_rng(Ntot_pred[t - 1], sad_pred[t - 1]);
      Ntot_pred[t] = N1_pred[t] + Nad_pred[t];
    }
  }
}

  $ ../../../../../../install/default/bin/stanc --auto-format ipm_prod.stan
functions {
  real real_poisson_lpdf(real n, real lambda) {
    real lp;
    if (lambda < 0) {
      reject("lambda must be non-negative; found lambda=", lambda);
    }
    else if (n < 0.0) {
      reject("n must not be negative; found n=", n);
    }
    else {
      lp = n * log(lambda) - lambda - lgamma(n + 1);
    }
    return lp;
  }
  real real_binomial_lpdf(real n, real N, real theta) {
    real lp;
    if (N < 0) {
      reject("N must be non-negative; found N=", N);
    }
    else if (theta < 0 || theta > 1) {
      reject("theta must be in [0,1]; found theta=", theta);
    }
    else if (n < 0 || n > N) {
      reject("n must be in [0,N]; found n=", n);
    }
    else {
      lp = lchoose(N, n) + n * log(theta) + (N - n) * log(1 - theta);
    }
    return lp;
  }
  array[] vector marray(int nyears, vector sjuv, vector sad, vector p) {
    int ny_minus_1 = nyears - 1;
    array[2 * ny_minus_1] vector[nyears] pr;
    vector[nyears - 1] q = 1 - p;
    real prod_s;
    real prod_q;
    for (t in 1 : ny_minus_1) {
      pr[t, t] = sjuv[t] * p[t];
      prod_s = 1;
      prod_q = 1;
      for (j in (t + 1) : ny_minus_1) {
        prod_s = prod_s * sad[j];
        prod_q = prod_q * q[j - 1];
        pr[t, j] = sjuv[t] * prod_s * prod_q * p[j];
      }
      for (j in 1 : (t - 1)) 
        pr[t, j] = 0;
      pr[t, nyears] = 1 - sum(pr[t, 1 : ny_minus_1]);
    }
    for (t in 1 : ny_minus_1) {
      pr[t + ny_minus_1, t] = sad[t] * p[t];
      prod_s = sad[t];
      prod_q = 1;
      for (j in (t + 1) : ny_minus_1) {
        prod_s = prod_s * sad[j];
        prod_q = prod_q * q[j - 1];
        pr[t + ny_minus_1, j] = prod_s * prod_q * p[j];
      }
      for (j in 1 : (t - 1)) 
        pr[t + nyears - 1, j] = 0;
      pr[t + nyears - 1, nyears] = 1
                                   - sum(pr[t + ny_minus_1, 1 : ny_minus_1]);
    }
    return pr;
  }
}
data {
  int nyears;
  vector[nyears] y;
  array[2 * (nyears - 1), nyears] int m;
}
transformed data {
  int ny_minus_1 = nyears - 1;
}
parameters {
  real<lower=0> sigma_y;
  vector<lower=0>[nyears] N1;
  vector<lower=0>[nyears] Nad;
  real<lower=0, upper=1> mean_sjuv;
  real<lower=0, upper=1> mean_sad;
  real<lower=0, upper=1> mean_p;
  real<lower=0> mean_fec;
}
transformed parameters {
  vector<lower=0, upper=1>[ny_minus_1] sjuv;
  vector<lower=0, upper=1>[ny_minus_1] sad;
  vector<lower=0, upper=1>[ny_minus_1] p;
  vector<lower=0>[ny_minus_1] f;
  vector<lower=0>[nyears] Ntot;
  array[2 * ny_minus_1] simplex[nyears] pr;
  for (t in 1 : ny_minus_1) {
    sjuv[t] = mean_sjuv;
    sad[t] = mean_sad;
    p[t] = mean_p;
    f[t] = mean_fec;
  }
  Ntot = Nad + N1;
  pr = marray(nyears, sjuv, sad, p);
}
model {
  N1[1] ~ normal(100, 100);
  Nad[1] ~ normal(100, 100);
  for (t in 2 : nyears) {
    real mean1 = f[t - 1] * 0.5 * sjuv[t - 1] * Ntot[t - 1];
    N1[t] ~ real_poisson(mean1);
    Nad[t] ~ real_binomial(Ntot[t - 1], sad[t - 1]);
  }
  y ~ normal(Ntot, sigma_y);
  for (t in 1 : (2 * ny_minus_1)) 
    m[t] ~ multinomial(pr[t]);
}
generated quantities {
  vector<lower=0>[ny_minus_1] lambda;
  real<lower=0> sigma2_y = square(sigma_y);
  lambda[1 : ny_minus_1] = Ntot[2 : nyears] ./ Ntot[1 : ny_minus_1];
}

