  $ ../../../../../../../install/default/bin/stanc --auto-format stagnant.stan
data {
  int<lower=0> N;
  array[N] real x;
  array[N] real Y;
}
parameters {
  real<lower=0> sigma;
  real<lower=0> alpha;
  array[2] real beta;
  simplex[N] theta;
}
model {
  array[N] real log_probs;
  array[N] real mu;
  theta ~ dirichlet(rep_vector(0.01, N));
  alpha ~ normal(0, 5);
  beta ~ normal(0, 5);
  sigma ~ cauchy(0, 5);
  for (k in 1 : N) {
    for (n in 1 : N) 
      mu[n] <- alpha + if_else(n <= k, beta[1], beta[2]) * (x[n] - x[k]);
    log_probs[k] <- log(theta[k]) + normal_log(Y, mu, sigma);
  }
  increment_log_prob(log_sum_exp(log_probs));
}

Warning in 'stagnant.stan', line 1, column 0: Comments beginning with # are deprecated. Please use // in place of # for line comments.
Warning in 'stagnant.stan', line 38, column 12: assignment operator <- is deprecated in the Stan language; use = instead.
Warning in 'stagnant.stan', line 39, column 17: assignment operator <- is deprecated in the Stan language; use = instead.
Warning in 'stagnant.stan', line 41, column 2: increment_log_prob(...); is deprecated and will be removed in the future. Use target += ...; instead.
Warning in 'stagnant.stan', line 38, column 23: The function `if_else` is deprecated. Use the conditional operator (x ? y : z) instead.
Warning in 'stagnant.stan', line 39, column 36: normal_log is deprecated and will be removed in the future. Use normal_lpdf instead.
  $ ../../../../../../../install/default/bin/stanc --auto-format stagnant2.stan
data {
  int<lower=0> N;
  array[N] real x;
  array[N] real Y;
}
parameters {
  real<lower=0> sigma;
  real<lower=0> alpha;
  array[2] real beta;
  real<lower=min(x), upper=max(x)> x_change;
}
model {
  array[N] real mu;
  alpha ~ normal(0, 5);
  beta ~ normal(0, 5);
  sigma ~ cauchy(0, 5);
  for (n in 1 : N) 
    mu[n] <- alpha
             + if_else(x[n] < x_change, beta[1], beta[2]) * (x[n] - x_change);
  Y ~ normal(mu, sigma);
}

Warning in 'stagnant2.stan', line 20, column 10: assignment operator <- is deprecated in the Stan language; use = instead.
Warning in 'stagnant2.stan', line 21, column 8: The function `if_else` is deprecated. Use the conditional operator (x ? y : z) instead.
