  $ ../../../../../../../install/default/bin/stanc --auto-format and.stan
data {
  int d_int;
}
transformed data {
  int transformed_data_int;
  real transformed_data_real;
  
  transformed_data_int = transformed_data_int && transformed_data_int;
  transformed_data_int = transformed_data_int && transformed_data_real;
  transformed_data_int = transformed_data_real && transformed_data_int;
  transformed_data_int = transformed_data_real && transformed_data_real;
  
  transformed_data_real = transformed_data_int && transformed_data_int;
  transformed_data_real = transformed_data_int && transformed_data_real;
  transformed_data_real = transformed_data_real && transformed_data_int;
  transformed_data_real = transformed_data_real && transformed_data_real;
}
parameters {
  real y_p;
}
transformed parameters {
  real transformed_param_real;
  
  transformed_param_real = transformed_data_int && transformed_data_int;
  transformed_param_real = transformed_data_int && transformed_data_real;
  transformed_param_real = transformed_data_real && transformed_data_int;
  transformed_param_real = transformed_data_real && transformed_data_real;
  
  transformed_param_real = transformed_data_int && transformed_param_real;
  transformed_param_real = transformed_param_real && transformed_data_int;
  transformed_param_real = transformed_param_real && transformed_data_real;
  transformed_param_real = transformed_param_real && transformed_param_real;
  transformed_param_real = transformed_data_real && transformed_param_real;
}
model {
  y_p ~ normal(0, 1);
}

  $ ../../../../../../../install/default/bin/stanc --auto-format and_or_interaction.stan
data {
  int d_int;
}
transformed data {
  int transformed_data_int;
  real transformed_data_real;
  
  transformed_data_int = !transformed_data_real && transformed_data_real
                         || !!!transformed_data_int;
  transformed_data_real = !transformed_data_real && transformed_data_real
                          || !!!transformed_data_int;
}
parameters {
  real y_p;
}
transformed parameters {
  real transformed_param_real;
  
  transformed_param_real = !transformed_data_real && transformed_data_real
                           || !!!transformed_data_int;
}
model {
  y_p ~ normal(0, 1);
}

  $ ../../../../../../../install/default/bin/stanc --auto-format equal.stan
data {
  int d_int;
}
transformed data {
  int transformed_data_int;
  real transformed_data_real;
  
  transformed_data_int = transformed_data_int == transformed_data_int;
  transformed_data_int = transformed_data_int == transformed_data_real;
  transformed_data_int = transformed_data_real == transformed_data_int;
  transformed_data_int = transformed_data_real == transformed_data_real;
  
  transformed_data_real = transformed_data_int == transformed_data_int;
  transformed_data_real = transformed_data_int == transformed_data_real;
  transformed_data_real = transformed_data_real == transformed_data_int;
  transformed_data_real = transformed_data_real == transformed_data_real;
}
parameters {
  real y_p;
}
transformed parameters {
  real transformed_param_real;
  
  transformed_param_real = transformed_data_int == transformed_data_int;
  transformed_param_real = transformed_data_int == transformed_data_real;
  transformed_param_real = transformed_data_real == transformed_data_int;
  transformed_param_real = transformed_data_real == transformed_data_real;
  
  transformed_param_real = transformed_data_int == transformed_param_real;
  transformed_param_real = transformed_param_real == transformed_data_int;
  transformed_param_real = transformed_param_real == transformed_data_real;
  transformed_param_real = transformed_param_real == transformed_param_real;
  transformed_param_real = transformed_data_real == transformed_param_real;
}
model {
  y_p ~ normal(0, 1);
}

  $ ../../../../../../../install/default/bin/stanc --auto-format greater_than.stan
data {
  int d_int;
}
transformed data {
  int transformed_data_int;
  real transformed_data_real;
  
  transformed_data_int = transformed_data_int > transformed_data_int;
  transformed_data_int = transformed_data_int > transformed_data_real;
  transformed_data_int = transformed_data_real > transformed_data_int;
  transformed_data_int = transformed_data_real > transformed_data_real;
  
  transformed_data_real = transformed_data_int > transformed_data_int;
  transformed_data_real = transformed_data_int > transformed_data_real;
  transformed_data_real = transformed_data_real > transformed_data_int;
  transformed_data_real = transformed_data_real > transformed_data_real;
}
parameters {
  real y_p;
}
transformed parameters {
  real transformed_param_real;
  
  transformed_param_real = transformed_data_int > transformed_data_int;
  transformed_param_real = transformed_data_int > transformed_data_real;
  transformed_param_real = transformed_data_real > transformed_data_int;
  transformed_param_real = transformed_data_real > transformed_data_real;
  
  transformed_param_real = transformed_data_int > transformed_param_real;
  transformed_param_real = transformed_param_real > transformed_data_int;
  transformed_param_real = transformed_param_real > transformed_data_real;
  transformed_param_real = transformed_param_real > transformed_param_real;
  transformed_param_real = transformed_data_real > transformed_param_real;
}
model {
  y_p ~ normal(0, 1);
}

  $ ../../../../../../../install/default/bin/stanc --auto-format greater_than_or_equal.stan
data {
  int d_int;
}
transformed data {
  int transformed_data_int;
  real transformed_data_real;
  
  transformed_data_int = transformed_data_int >= transformed_data_int;
  transformed_data_int = transformed_data_int >= transformed_data_real;
  transformed_data_int = transformed_data_real >= transformed_data_int;
  transformed_data_int = transformed_data_real >= transformed_data_real;
  
  transformed_data_real = transformed_data_int >= transformed_data_int;
  transformed_data_real = transformed_data_int >= transformed_data_real;
  transformed_data_real = transformed_data_real >= transformed_data_int;
  transformed_data_real = transformed_data_real >= transformed_data_real;
}
parameters {
  real y_p;
}
transformed parameters {
  real transformed_param_real;
  
  transformed_param_real = transformed_data_int >= transformed_data_int;
  transformed_param_real = transformed_data_int >= transformed_data_real;
  transformed_param_real = transformed_data_real >= transformed_data_int;
  transformed_param_real = transformed_data_real >= transformed_data_real;
  
  transformed_param_real = transformed_data_int >= transformed_param_real;
  transformed_param_real = transformed_param_real >= transformed_data_int;
  transformed_param_real = transformed_param_real >= transformed_data_real;
  transformed_param_real = transformed_param_real >= transformed_param_real;
  transformed_param_real = transformed_data_real >= transformed_param_real;
}
model {
  y_p ~ normal(0, 1);
}

  $ ../../../../../../../install/default/bin/stanc --auto-format less_than.stan
data {
  int d_int;
}
transformed data {
  int transformed_data_int;
  real transformed_data_real;
  
  transformed_data_int = transformed_data_int < transformed_data_int;
  transformed_data_int = transformed_data_int < transformed_data_real;
  transformed_data_int = transformed_data_real < transformed_data_int;
  transformed_data_int = transformed_data_real < transformed_data_real;
  
  transformed_data_real = transformed_data_int < transformed_data_int;
  transformed_data_real = transformed_data_int < transformed_data_real;
  transformed_data_real = transformed_data_real < transformed_data_int;
  transformed_data_real = transformed_data_real < transformed_data_real;
}
parameters {
  real y_p;
}
transformed parameters {
  real transformed_param_real;
  
  transformed_param_real = transformed_data_int < transformed_data_int;
  transformed_param_real = transformed_data_int < transformed_data_real;
  transformed_param_real = transformed_data_real < transformed_data_int;
  transformed_param_real = transformed_data_real < transformed_data_real;
  
  transformed_param_real = transformed_data_int < transformed_param_real;
  transformed_param_real = transformed_param_real < transformed_data_int;
  transformed_param_real = transformed_param_real < transformed_data_real;
  transformed_param_real = transformed_param_real < transformed_param_real;
  transformed_param_real = transformed_data_real < transformed_param_real;
}
model {
  y_p ~ normal(0, 1);
}

  $ ../../../../../../../install/default/bin/stanc --auto-format less_than_or_equal.stan
data {
  int d_int;
}
transformed data {
  int transformed_data_int;
  real transformed_data_real;
  
  transformed_data_int = transformed_data_int <= transformed_data_int;
  transformed_data_int = transformed_data_int <= transformed_data_real;
  transformed_data_int = transformed_data_real <= transformed_data_int;
  transformed_data_int = transformed_data_real <= transformed_data_real;
  
  transformed_data_real = transformed_data_int <= transformed_data_int;
  transformed_data_real = transformed_data_int <= transformed_data_real;
  transformed_data_real = transformed_data_real <= transformed_data_int;
  transformed_data_real = transformed_data_real <= transformed_data_real;
}
parameters {
  real y_p;
}
transformed parameters {
  real transformed_param_real;
  
  transformed_param_real = transformed_data_int <= transformed_data_int;
  transformed_param_real = transformed_data_int <= transformed_data_real;
  transformed_param_real = transformed_data_real <= transformed_data_int;
  transformed_param_real = transformed_data_real <= transformed_data_real;
  
  transformed_param_real = transformed_data_int <= transformed_param_real;
  transformed_param_real = transformed_param_real <= transformed_data_int;
  transformed_param_real = transformed_param_real <= transformed_data_real;
  transformed_param_real = transformed_param_real <= transformed_param_real;
  transformed_param_real = transformed_data_real <= transformed_param_real;
}
model {
  y_p ~ normal(0, 1);
}

  $ ../../../../../../../install/default/bin/stanc --auto-format not.stan
data {
  int d_int;
}
transformed data {
  int transformed_data_int;
  real transformed_data_real;
  
  transformed_data_int = transformed_data_int && transformed_data_int;
  transformed_data_int = transformed_data_int && transformed_data_real;
  transformed_data_int = transformed_data_real && transformed_data_int;
  transformed_data_int = transformed_data_real && transformed_data_real;
  
  transformed_data_real = transformed_data_int && transformed_data_int;
  transformed_data_real = transformed_data_int && transformed_data_real;
  transformed_data_real = transformed_data_real && transformed_data_int;
  transformed_data_real = transformed_data_real && transformed_data_real;
}
parameters {
  real y_p;
}
transformed parameters {
  real transformed_param_real;
  
  transformed_param_real = transformed_data_int && transformed_param_real;
  transformed_param_real = transformed_param_real && transformed_data_int;
  transformed_param_real = transformed_param_real && transformed_data_real;
  transformed_param_real = transformed_param_real && transformed_param_real;
  transformed_param_real = transformed_data_real && transformed_param_real;
}
model {
  y_p ~ normal(0, 1);
}

  $ ../../../../../../../install/default/bin/stanc --auto-format not_equal.stan
data {
  int d_int;
}
transformed data {
  int transformed_data_int;
  real transformed_data_real;
  
  transformed_data_int = transformed_data_int != transformed_data_int;
  transformed_data_int = transformed_data_int != transformed_data_real;
  transformed_data_int = transformed_data_real != transformed_data_int;
  transformed_data_int = transformed_data_real != transformed_data_real;
  
  transformed_data_real = transformed_data_int != transformed_data_int;
  transformed_data_real = transformed_data_int != transformed_data_real;
  transformed_data_real = transformed_data_real != transformed_data_int;
  transformed_data_real = transformed_data_real != transformed_data_real;
}
parameters {
  real y_p;
}
transformed parameters {
  real transformed_param_real;
  
  transformed_param_real = transformed_data_int != transformed_data_int;
  transformed_param_real = transformed_data_int != transformed_data_real;
  transformed_param_real = transformed_data_real != transformed_data_int;
  transformed_param_real = transformed_data_real != transformed_data_real;
  
  transformed_param_real = transformed_data_int != transformed_param_real;
  transformed_param_real = transformed_param_real != transformed_data_int;
  transformed_param_real = transformed_param_real != transformed_data_real;
  transformed_param_real = transformed_param_real != transformed_param_real;
  transformed_param_real = transformed_data_real != transformed_param_real;
}
model {
  y_p ~ normal(0, 1);
}

  $ ../../../../../../../install/default/bin/stanc --auto-format or.stan
data {
  int d_int;
}
transformed data {
  int transformed_data_int;
  real transformed_data_real;
  
  transformed_data_int = transformed_data_int || transformed_data_int;
  transformed_data_int = transformed_data_int || transformed_data_real;
  transformed_data_int = transformed_data_real || transformed_data_int;
  transformed_data_int = transformed_data_real || transformed_data_real;
  
  transformed_data_real = transformed_data_int || transformed_data_int;
  transformed_data_real = transformed_data_int || transformed_data_real;
  transformed_data_real = transformed_data_real || transformed_data_int;
  transformed_data_real = transformed_data_real || transformed_data_real;
}
parameters {
  real y_p;
}
transformed parameters {
  real transformed_param_real;
  
  transformed_param_real = transformed_data_int || transformed_data_int;
  transformed_param_real = transformed_data_int || transformed_data_real;
  transformed_param_real = transformed_data_real || transformed_data_int;
  transformed_param_real = transformed_data_real || transformed_data_real;
  
  transformed_param_real = transformed_data_int || transformed_param_real;
  transformed_param_real = transformed_param_real || transformed_data_int;
  transformed_param_real = transformed_param_real || transformed_data_real;
  transformed_param_real = transformed_param_real || transformed_param_real;
  transformed_param_real = transformed_data_real || transformed_param_real;
}
model {
  y_p ~ normal(0, 1);
}

