  $ ../../../../../../../install/default/bin/stanc --auto-format dyes.stan
data {
  int BATCHES;
  int SAMPLES;
  real y[BATCHES, SAMPLES];
}
parameters {
  real<lower=0> tau_between;
  real<lower=0> tau_within;
  real theta;
  real mu[BATCHES];
}
transformed parameters {
  real sigma_between;
  real sigma_within;
  sigma_between <- 1 / sqrt(tau_between);
  sigma_within <- 1 / sqrt(tau_within);
}
model {
  theta ~ normal(0.0, 1E5);
  tau_between ~ gamma(.001, .001);
  tau_within ~ gamma(.001, .001);
  mu ~ normal(theta, sigma_between);
  for (n in 1 : BATCHES) 
    y[n] ~ normal(mu[n], sigma_within);
}
generated quantities {
  real sigmasq_between;
  real sigmasq_within;
  sigmasq_between <- 1 / tau_between;
  sigmasq_within <- 1 / tau_within;
}

Info: Found int division at 'dyes.stan', line 21, column 19 to column 20:
  1 / sqrt(tau_between)
Positive values rounded down, negative values rounded up or down in platform-dependent way.
Info: Found int division at 'dyes.stan', line 22, column 18 to column 19:
  1 / sqrt(tau_within)
Positive values rounded down, negative values rounded up or down in platform-dependent way.
Info: Found int division at 'dyes.stan', line 39, column 21 to column 22:
  1 / tau_between
Positive values rounded down, negative values rounded up or down in platform-dependent way.
Info: Found int division at 'dyes.stan', line 40, column 20 to column 21:
  1 / tau_within
Positive values rounded down, negative values rounded up or down in platform-dependent way.

Warning: deprecated language construct used in 'dyes.stan', line 1, column 0:
   -------------------------------------------------
     1:  # Dyes: variance components model 
         ^
     2:  #  http://www.openbugs.net/Examples/Dyes.html
     3:  
   -------------------------------------------------

Comments beginning with # are deprecated. Please use // in place of # for line comments.


Warning: deprecated language construct used in 'dyes.stan', line 2, column 0:
   -------------------------------------------------
     1:  # Dyes: variance components model 
     2:  #  http://www.openbugs.net/Examples/Dyes.html
         ^
     3:  
     4:  data {
   -------------------------------------------------

Comments beginning with # are deprecated. Please use // in place of # for line comments.


Warning: deprecated language construct used in 'dyes.stan', line 21, column 17:
   -------------------------------------------------
    19:    real sigma_between; 
    20:    real sigma_within;
    21:    sigma_between <- 1/sqrt(tau_between); 
                          ^
    22:    sigma_within <- 1/sqrt(tau_within); 
    23:  } 
   -------------------------------------------------

assignment operator <- is deprecated in the Stan language; use = instead.


Warning: deprecated language construct used in 'dyes.stan', line 22, column 16:
   -------------------------------------------------
    20:    real sigma_within;
    21:    sigma_between <- 1/sqrt(tau_between); 
    22:    sigma_within <- 1/sqrt(tau_within); 
                         ^
    23:  } 
    24:  
   -------------------------------------------------

assignment operator <- is deprecated in the Stan language; use = instead.


Warning: deprecated language construct used in 'dyes.stan', line 39, column 19:
   -------------------------------------------------
    37:    real sigmasq_within;
    38:    
    39:    sigmasq_between <- 1 / tau_between;
                            ^
    40:    sigmasq_within <- 1 / tau_within;
    41:  }
   -------------------------------------------------

assignment operator <- is deprecated in the Stan language; use = instead.


Warning: deprecated language construct used in 'dyes.stan', line 40, column 18:
   -------------------------------------------------
    38:    
    39:    sigmasq_between <- 1 / tau_between;
    40:    sigmasq_within <- 1 / tau_within;
                           ^
    41:  }
   -------------------------------------------------

assignment operator <- is deprecated in the Stan language; use = instead.

