  $ ../../../../../../../install/default/bin/stanc --auto-format circle.stan
parameters {
  real<lower=-1, upper=1> x;
  real<lower=-sqrt(1 - square(x)), upper=sqrt(1 - square(x))> y;
}
model {

}

  $ ../../../../../../../install/default/bin/stanc --auto-format hsquare.stan
parameters {
  real<lower=0, upper=2> x_raw;
  real<lower=0, upper=1.5> y_raw;
}
model {

}
generated quantities {
  real x;
  real y;
  if (y_raw > 1) {
    x <- x_raw - 1;
    y <- y_raw - 0.5;
  }
  else if (y_raw < 0.5) {
    x <- x_raw - 1;
    y <- y_raw - 1;
  }
  else if (x_raw < 0.5) {
    x <- x_raw - 1;
    y <- y_raw - 0.5;
  }
  else if (x_raw < 1.0) {
    x <- x_raw - 1.5;
    y <- y_raw - 1;
  }
  else if (x_raw < 1.5) {
    x <- x_raw - 0.5;
    y <- y_raw - 0.5;
  }
  else {
    x <- x_raw - 1.0;
    y <- y_raw - 1.0;
  }
}


Warning: deprecated language construct used in 'hsquare.stan', line 27, column 7:
   -------------------------------------------------
    25:    if (y_raw > 1) {
    26:      // cases 1, 2, 3, 4
    27:      x <- x_raw - 1;
                ^
    28:      y <- y_raw - 0.5;
    29:    } else if (y_raw < 0.5) {
   -------------------------------------------------

assignment operator <- is deprecated in the Stan language; use = instead.


Warning: deprecated language construct used in 'hsquare.stan', line 28, column 7:
   -------------------------------------------------
    26:      // cases 1, 2, 3, 4
    27:      x <- x_raw - 1;
    28:      y <- y_raw - 0.5;
                ^
    29:    } else if (y_raw < 0.5) {
    30:      // cases 9, 0, A, B
   -------------------------------------------------

assignment operator <- is deprecated in the Stan language; use = instead.


Warning: deprecated language construct used in 'hsquare.stan', line 31, column 7:
   -------------------------------------------------
    29:    } else if (y_raw < 0.5) {
    30:      // cases 9, 0, A, B
    31:      x <- x_raw - 1;
                ^
    32:      y <- y_raw - 1;
    33:    } else if (x_raw < 0.5) {
   -------------------------------------------------

assignment operator <- is deprecated in the Stan language; use = instead.


Warning: deprecated language construct used in 'hsquare.stan', line 32, column 7:
   -------------------------------------------------
    30:      // cases 9, 0, A, B
    31:      x <- x_raw - 1;
    32:      y <- y_raw - 1;
                ^
    33:    } else if (x_raw < 0.5) {
    34:      // case 5
   -------------------------------------------------

assignment operator <- is deprecated in the Stan language; use = instead.


Warning: deprecated language construct used in 'hsquare.stan', line 35, column 7:
   -------------------------------------------------
    33:    } else if (x_raw < 0.5) {
    34:      // case 5
    35:      x <- x_raw - 1;
                ^
    36:      y <- y_raw - 0.5;
    37:    } else if (x_raw < 1.0) {
   -------------------------------------------------

assignment operator <- is deprecated in the Stan language; use = instead.


Warning: deprecated language construct used in 'hsquare.stan', line 36, column 7:
   -------------------------------------------------
    34:      // case 5
    35:      x <- x_raw - 1;
    36:      y <- y_raw - 0.5;
                ^
    37:    } else if (x_raw < 1.0) {
    38:      // case 6
   -------------------------------------------------

assignment operator <- is deprecated in the Stan language; use = instead.


Warning: deprecated language construct used in 'hsquare.stan', line 39, column 7:
   -------------------------------------------------
    37:    } else if (x_raw < 1.0) {
    38:      // case 6
    39:      x <- x_raw - 1.5;
                ^
    40:      y <- y_raw - 1;
    41:    } else if (x_raw < 1.5) {
   -------------------------------------------------

assignment operator <- is deprecated in the Stan language; use = instead.


Warning: deprecated language construct used in 'hsquare.stan', line 40, column 7:
   -------------------------------------------------
    38:      // case 6
    39:      x <- x_raw - 1.5;
    40:      y <- y_raw - 1;
                ^
    41:    } else if (x_raw < 1.5) {
    42:      // case 7
   -------------------------------------------------

assignment operator <- is deprecated in the Stan language; use = instead.


Warning: deprecated language construct used in 'hsquare.stan', line 43, column 7:
   -------------------------------------------------
    41:    } else if (x_raw < 1.5) {
    42:      // case 7
    43:      x <- x_raw - 0.5;
                ^
    44:      y <- y_raw - 0.5;
    45:    } else {
   -------------------------------------------------

assignment operator <- is deprecated in the Stan language; use = instead.


Warning: deprecated language construct used in 'hsquare.stan', line 44, column 7:
   -------------------------------------------------
    42:      // case 7
    43:      x <- x_raw - 0.5;
    44:      y <- y_raw - 0.5;
                ^
    45:    } else {
    46:      x <- x_raw - 1.0;
   -------------------------------------------------

assignment operator <- is deprecated in the Stan language; use = instead.


Warning: deprecated language construct used in 'hsquare.stan', line 46, column 7:
   -------------------------------------------------
    44:      y <- y_raw - 0.5;
    45:    } else {
    46:      x <- x_raw - 1.0;
                ^
    47:      y <- y_raw - 1.0;
    48:    }
   -------------------------------------------------

assignment operator <- is deprecated in the Stan language; use = instead.


Warning: deprecated language construct used in 'hsquare.stan', line 47, column 7:
   -------------------------------------------------
    45:    } else {
    46:      x <- x_raw - 1.0;
    47:      y <- y_raw - 1.0;
                ^
    48:    }
    49:  }
   -------------------------------------------------

assignment operator <- is deprecated in the Stan language; use = instead.

  $ ../../../../../../../install/default/bin/stanc --auto-format parallelogram.stan
parameters {
  real<lower=0, upper=1> x;
  real<lower=0, upper=1> y_raw;
}
transformed parameters {
  real<lower=-1, upper=1> y;
  y <- y_raw - x;
}
model {

}


Warning: deprecated language construct used in 'parallelogram.stan', line 11, column 5:
   -------------------------------------------------
     9:  transformed parameters {
    10:    real<lower=-1,upper=1> y;
    11:    y <- y_raw - x;
              ^
    12:  }
    13:  model {
   -------------------------------------------------

assignment operator <- is deprecated in the Stan language; use = instead.

  $ ../../../../../../../install/default/bin/stanc --auto-format ring.stan
parameters {
  real<lower=0.5, upper=1> z;
  real<lower=0, upper=2 * pi()> phi;
}
model {
  increment_log_prob(log(z));
}
generated quantities {
  real x;
  real y;
  x <- z * cos(phi);
  y <- z * sin(phi);
}


Warning: deprecated language construct used in 'ring.stan', line 1, column 0:
   -------------------------------------------------
     1:  # the original version not using transformation is in ring.stan.0
         ^
     2:  parameters {
     3:    real<lower=0.5, upper=1> z;
   -------------------------------------------------

Comments beginning with # are deprecated. Please use // in place of # for line comments.


Warning: deprecated language construct used in 'ring.stan', line 8, column 19:
   -------------------------------------------------
     6:  model {
     7:    // p(z,phi) prop-to z
     8:    increment_log_prob(log(z));
                            ^
     9:  } 
    10:  generated quantities {
   -------------------------------------------------

increment_log_prob(...); is deprecated and will be removed in the future. Use target += ...; instead.


Warning: deprecated language construct used in 'ring.stan', line 13, column 5:
   -------------------------------------------------
    11:    real x;
    12:    real y;
    13:    x <- z * cos(phi); 
              ^
    14:    y <- z * sin(phi);
    15:  } 
   -------------------------------------------------

assignment operator <- is deprecated in the Stan language; use = instead.


Warning: deprecated language construct used in 'ring.stan', line 14, column 5:
   -------------------------------------------------
    12:    real y;
    13:    x <- z * cos(phi); 
    14:    y <- z * sin(phi);
              ^
    15:  } 
    16:  
   -------------------------------------------------

assignment operator <- is deprecated in the Stan language; use = instead.

  $ ../../../../../../../install/default/bin/stanc --auto-format squaremc.stan
parameters {
  real<lower=-1, upper=1> x_raw;
  real<lower=-(1 - sqrt(1 - square(1 - fabs(x_raw)))), upper=(1
                                                              - sqrt(
                                                              1
                                                              - square(
                                                              1 - fabs(x_raw))))> y_raw;
}
transformed parameters {
  real<lower=-1, upper=1> x;
  real<lower=-1, upper=1> y;
  x <- if_else(x_raw > 0, 1, -1) - x_raw;
  y <- if_else(y_raw > 0, 1, -1) - y_raw;
}
model {
  increment_log_prob(log1m(sqrt(1 - square(1 - fabs(x_raw)))));
}


Warning: deprecated language construct used in 'squaremc.stan', line 19, column 5:
   -------------------------------------------------
    17:    real<lower=-1,upper=1> x;
    18:    real<lower=-1,upper=1> y;
    19:    x <- if_else(x_raw > 0, 1, -1) - x_raw;
              ^
    20:    y <- if_else(y_raw > 0, 1, -1) - y_raw;
    21:  }
   -------------------------------------------------

assignment operator <- is deprecated in the Stan language; use = instead.


Warning: deprecated language construct used in 'squaremc.stan', line 20, column 5:
   -------------------------------------------------
    18:    real<lower=-1,upper=1> y;
    19:    x <- if_else(x_raw > 0, 1, -1) - x_raw;
    20:    y <- if_else(y_raw > 0, 1, -1) - y_raw;
              ^
    21:  }
    22:  model {
   -------------------------------------------------

assignment operator <- is deprecated in the Stan language; use = instead.


Warning: deprecated language construct used in 'squaremc.stan', line 23, column 19:
   -------------------------------------------------
    21:  }
    22:  model {
    23:    increment_log_prob(log1m(sqrt(1 - square(1 - fabs(x_raw)))));
                            ^
    24:  }
   -------------------------------------------------

increment_log_prob(...); is deprecated and will be removed in the future. Use target += ...; instead.


Warning: in 'squaremc.stan', line 19, column 7 to column 32: The function `if_else` is deprecated. Use the conditional operator (x ? y : z) instead.

Warning: in 'squaremc.stan', line 20, column 7 to column 32: The function `if_else` is deprecated. Use the conditional operator (x ? y : z) instead.
