  $ stanc -fvectorize-loops --debug-loop-vectorization gcc_vect_depend.stan
loop at 'gcc_vect_depend.stan', line 29, column 4 to line 32, column 5  (n in 1:N)
  S0  ia1[(n + 1)] = x[n];
  S1  ib1[n] = ia1[n];
  edges: S0 -> S1 ia1 {<} d=1 (flow)
  blocks: [S0] [S1]

loop at 'gcc_vect_depend.stan', line 45, column 4 to line 48, column 5  (n in 1:N)
  S0  ia2[n] = x[n];
  S1  ib2[n] = ia2[(n + 1)];
  edges: S1 -> S0 ia2 {<} d=1 (anti)
  blocks: [S1] [S0]

loop at 'gcc_vect_depend.stan', line 59, column 4 to line 62, column 5  (n in 1:N)
  S0  ia3[(n + 1)] = x[n];
  S1  ia3[n] = z[n];
  edges: S0 -> S1 ia3 {<} d=1 (output)
  blocks: [S0] [S1]

loop at 'gcc_vect_depend.stan', line 73, column 4 to line 76, column 5  (n in 1:N)
  S0  ia4[n] = x[n];
  S1  ia4[(n + 1)] = z[n];
  edges: S1 -> S0 ia4 {<} d=1 (output)
  blocks: [S1] [S0]

loop at 'gcc_vect_depend.stan', line 88, column 4 to line 90, column 5  (n in 1:N)
  S0  ib5[n] = (ib5[(n + 1)] * promote(4, real, data));
  edges: none
  blocks: [S0]

loop at 'gcc_vect_depend.stan', line 103, column 4 to line 105, column 5  (n in 1:N)
  S0  ia6[(n + 1)] = (ia6[n] * promote(4, real, data));
  edges: S0 -> S0 ia6 {<} d=1 (flow)
  blocks: [S0]cyclic
[exit 0]
