  $ stanc -fvectorize-loops --debug-loop-vectorization gcc_ldist.stan
loop at 'gcc_ldist.stan', line 39, column 4 to line 44, column 5  (n in 1:N)
  S0  mya1[n] = ((ia[n] .* oxa[n]) + (ib[n] .* oxb[n]));   hoisted
  S1  myb1[n] = ((-(ia[n]) .* oxb[n]) + (ib[n] .* oxa[n]));   hoisted
  S2  oya1[n] = (mya1[n] / promote(1024, real, data));   hoisted
  S3  oyb1[n] = (myb1[n] / promote(1024, real, data));   hoisted
  edges: S0 -> S2 mya1 {=} d=0 (flow); S1 -> S3 myb1 {=} d=0 (flow)
  blocks: [S0] [S1] [S2] [S3]

loop at 'gcc_ldist.stan', line 56, column 4 to line 59, column 5  (n in 2:N)
  S0  a2[n] = (a2[n] + c[n]);   hoisted
  S1  b2[n] = (a2[(n - 1)] + promote(1, real, data));   hoisted
  edges: S0 -> S1 a2 {<} d=1 (flow)
  blocks: [S0] [S1]

loop at 'gcc_ldist.stan', line 78, column 4 to line 83, column 5  (n in 3:N)
  S0  a3[n] = promote((k * n), real, var);   sequential: in a dependence cycle
  S1  b3[n] = (a3[(n - 2)] + promote(k, real, data));   sequential: in a dependence cycle
  S2  cc3[n] = (b3[n] + a3[(n + 1)]);   sequential: in a dependence cycle
  S3  d3[n] = ((cc3[(n - 1)] + promote(k, real, data)) + promote(n, real, data));   sequential: promote(n, real, data) cannot be widened
  edges: S0 -> S1 a3 {<} d=2 (flow); S1 -> S2 b3 {=} d=0 (flow); S2 -> S0 a3 {<} d=1 (anti); S2 -> S3 cc3 {<} d=1 (flow)
  blocks: [S0 S1 S2]cyclic [S3]

loop at 'gcc_ldist.stan', line 99, column 6 to line 102, column 7  (j in 2:J)
  S0  a4[j] = promote((k * i), real, var);   sequential: the right-hand side is loop-invariant
  S1  b4[i, j] = (a4[(j - 1)] + promote(k, real, data));   sequential: the right-hand side widens to vector but the assigned slice is row_vector
  edges: S0 -> S1 a4 {<} d=1 (flow)
  blocks: [S0] [S1]

loop at 'gcc_ldist.stan', line 98, column 4 to line 103, column 5  (i in 1:N)
  S0  for(j in 2:J) { a4[j] = promote((k * i), real, var); b4[i, j] = (a4[(j - 1)] + promote(k, real, ...   sequential: recurrence
  edges: S0 -> S0 a4 unknown (flow); S0 -> S0 a4 unknown (output)
  blocks: [S0]cyclic
[exit 0]
