  $ ../../../../../../install/default/bin/stanc --auto-format gam_one_centered_design.stan
functions {
  vector range(int imin, int imax) {
    return cumulative_sum(rep_vector(1, imax - imin + 1)) - 1 + imin;
  }
  int splinedegree() {
    return 3;
  }
  int difforder() {
    return 2;
  }
  matrix bspline(vector x, int K, int q) {
    real dx;
    row_vector[K] t;
    array[K] int r;
    matrix[rows(x), K] T;
    matrix[rows(x), K] X;
    matrix[rows(x), K] P;
    matrix[rows(x), K] B;
    dx <- 1.01 * (max(x) - min(x)) / (K - q);
    t <- min(x) - dx * 0.01 + dx * range(-q, K - q - 1)';
    for (i in 2 : K) 
      r[i - 1] <- i;
    r[K] <- 1;
    T <- rep_matrix(t, rows(x));
    X <- rep_matrix(x, K);
    P <- (X - T) / dx;
    for (i in 1 : rows(x)) 
      for (j in 1 : cols(t)) 
        B[i, j] <- (T[i, j] <= X[i, j]) && (X[i, j] < T[i, j] + dx);
    for (k in 1 : q) 
      B <- (P .* B + (k + 1 - P) .* B[ : , r]) / k;
    return B;
  }
  matrix householder(matrix A) {
    int n;
    int m;
    n <- rows(A);
    m <- cols(A);
    {
      matrix[n, m] U;
      matrix[n, m] R;
      vector[n] e;
      U <- rep_matrix(0, n, m);
      e[2 : n] <- rep_vector(0, n - 1);
      e[1] <- 1;
      R <- A;
      for (k in 1 : m) {
        vector[n - k + 1] x;
        vector[n - k + 1] u;
        x <- R[k : n, k];
        u <- sqrt(x' * x) * e[1 : (n - k + 1)] + x;
        if (x[1] < 0) 
          u <- -u;
        u <- u / sqrt(u' * u);
        {
          matrix[n - k + 1, m - k + 1] tmp;
          tmp <- R[k : n, k : m] - 2 * u * transpose(u) * R[k : n, k : m];
          R[k : n, k : m] <- tmp;
        }
        U[k : n, k] <- u;
      }
      return append_col(U, R);
    }
  }
  vector centering_constraint(matrix X) {
    int N;
    int K;
    N <- rows(X);
    K <- cols(X);
    {
      matrix[K, 1] sums;
      vector[K] u;
      sums <- to_matrix(rep_row_vector(1, N) * X)';
      return householder(sums)[ : , 1];
    }
  }
  matrix center(matrix X, matrix D) {
    vector[cols(X)] u;
    u <- centering_constraint(X);
    return D[ : , 2 : ] - (2 * D * u) * u[2 : ]';
  }
  matrix difference_matrix_sqrt(int K, int d) {
    matrix[K, K] P;
    P <- diag_matrix(rep_vector(1, K));
    for (i in 1 : d) {
      matrix[K - i, K] tmp;
      tmp <- P[2 : (K - i + 1),  : ] - P[1 : (K - i),  : ];
      P[1 : (K - i),  : ] <- tmp;
    }
    return P[1 : (K - d),  : ];
  }
  matrix design(vector x, int K, int q) {
    matrix[rows(x), K] X;
    X <- bspline(x, K, q);
    return append_col(rep_vector(1, rows(x)), center(X, X));
  }
  matrix difference_op(vector x, int K, int q, int d) {
    matrix[K - d, K - 1] diff;
    diff <- center(bspline(x, K, q), difference_matrix_sqrt(K, d));
    return append_col(rep_vector(0, K - d), diff);
  }
}
data {
  int<lower=1> N;
  int<lower=1> K;
  array[N] int y;
  vector[N] x;
}
transformed data {
  matrix[N, K] X;
  matrix[K - difforder(), K] P;
  X <- design(x, K, splinedegree());
  P <- difference_op(x, K, splinedegree(), difforder());
}
parameters {
  vector[K] beta;
  real<lower=0> alpha;
  real<lower=0> lambda;
}
model {
  y ~ neg_binomial_2(exp(X * beta), alpha);
  P * beta ~ normal(0, 1. / (alpha * lambda));
}
generated quantities {
  matrix[N, K] designmat;
  matrix[N, K] weighted;
  vector[N] pred;
  real edf;
  vector[K] edfvec;
  designmat <- X;
  weighted <- X .* rep_matrix(beta', rows(x));
  pred <- exp(X * beta);
  {
    matrix[K, K] XtX;
    XtX <- crossprod(X);
    edfvec <- diagonal(inverse_spd(XtX + lambda * crossprod(P)) * XtX);
    edf <- sum(edfvec);
  }
}

Warning in 'gam_one_centered_design.stan', line 30, column 7: assignment operator <- is deprecated in the Stan language; use = instead.
Warning in 'gam_one_centered_design.stan', line 31, column 6: assignment operator <- is deprecated in the Stan language; use = instead.
Warning in 'gam_one_centered_design.stan', line 32, column 26: assignment operator <- is deprecated in the Stan language; use = instead.
Warning in 'gam_one_centered_design.stan', line 33, column 9: assignment operator <- is deprecated in the Stan language; use = instead.
Warning in 'gam_one_centered_design.stan', line 34, column 6: assignment operator <- is deprecated in the Stan language; use = instead.
Warning in 'gam_one_centered_design.stan', line 35, column 6: assignment operator <- is deprecated in the Stan language; use = instead.
Warning in 'gam_one_centered_design.stan', line 36, column 6: assignment operator <- is deprecated in the Stan language; use = instead.
Warning in 'gam_one_centered_design.stan', line 39, column 15: assignment operator <- is deprecated in the Stan language; use = instead.
Warning in 'gam_one_centered_design.stan', line 41, column 8: assignment operator <- is deprecated in the Stan language; use = instead.
Warning in 'gam_one_centered_design.stan', line 53, column 6: assignment operator <- is deprecated in the Stan language; use = instead.
Warning in 'gam_one_centered_design.stan', line 54, column 6: assignment operator <- is deprecated in the Stan language; use = instead.
Warning in 'gam_one_centered_design.stan', line 59, column 8: assignment operator <- is deprecated in the Stan language; use = instead.
Warning in 'gam_one_centered_design.stan', line 60, column 13: assignment operator <- is deprecated in the Stan language; use = instead.
Warning in 'gam_one_centered_design.stan', line 61, column 11: assignment operator <- is deprecated in the Stan language; use = instead.
Warning in 'gam_one_centered_design.stan', line 62, column 8: assignment operator <- is deprecated in the Stan language; use = instead.
Warning in 'gam_one_centered_design.stan', line 66, column 10: assignment operator <- is deprecated in the Stan language; use = instead.
Warning in 'gam_one_centered_design.stan', line 67, column 10: assignment operator <- is deprecated in the Stan language; use = instead.
Warning in 'gam_one_centered_design.stan', line 68, column 22: assignment operator <- is deprecated in the Stan language; use = instead.
Warning in 'gam_one_centered_design.stan', line 69, column 10: assignment operator <- is deprecated in the Stan language; use = instead.
Warning in 'gam_one_centered_design.stan', line 72, column 14: assignment operator <- is deprecated in the Stan language; use = instead.
Warning in 'gam_one_centered_design.stan', line 73, column 21: assignment operator <- is deprecated in the Stan language; use = instead.
Warning in 'gam_one_centered_design.stan', line 75, column 17: assignment operator <- is deprecated in the Stan language; use = instead.
Warning in 'gam_one_centered_design.stan', line 85, column 6: assignment operator <- is deprecated in the Stan language; use = instead.
Warning in 'gam_one_centered_design.stan', line 86, column 6: assignment operator <- is deprecated in the Stan language; use = instead.
Warning in 'gam_one_centered_design.stan', line 91, column 11: assignment operator <- is deprecated in the Stan language; use = instead.
Warning in 'gam_one_centered_design.stan', line 101, column 6: assignment operator <- is deprecated in the Stan language; use = instead.
Warning in 'gam_one_centered_design.stan', line 112, column 6: assignment operator <- is deprecated in the Stan language; use = instead.
Warning in 'gam_one_centered_design.stan', line 115, column 10: assignment operator <- is deprecated in the Stan language; use = instead.
Warning in 'gam_one_centered_design.stan', line 116, column 18: assignment operator <- is deprecated in the Stan language; use = instead.
Warning in 'gam_one_centered_design.stan', line 124, column 6: assignment operator <- is deprecated in the Stan language; use = instead.
Warning in 'gam_one_centered_design.stan', line 132, column 9: assignment operator <- is deprecated in the Stan language; use = instead.
Warning in 'gam_one_centered_design.stan', line 146, column 4: assignment operator <- is deprecated in the Stan language; use = instead.
Warning in 'gam_one_centered_design.stan', line 147, column 4: assignment operator <- is deprecated in the Stan language; use = instead.
Warning in 'gam_one_centered_design.stan', line 168, column 12: assignment operator <- is deprecated in the Stan language; use = instead.
Warning in 'gam_one_centered_design.stan', line 169, column 11: assignment operator <- is deprecated in the Stan language; use = instead.
Warning in 'gam_one_centered_design.stan', line 170, column 7: assignment operator <- is deprecated in the Stan language; use = instead.
Warning in 'gam_one_centered_design.stan', line 173, column 8: assignment operator <- is deprecated in the Stan language; use = instead.
Warning in 'gam_one_centered_design.stan', line 174, column 11: assignment operator <- is deprecated in the Stan language; use = instead.
Warning in 'gam_one_centered_design.stan', line 175, column 8: assignment operator <- is deprecated in the Stan language; use = instead.
