  $ ../../../../../../install/default/bin/stanc --auto-format fake-data.stan
data {
  int<lower=1> N;
  real a;
  real b;
  real<lower=0> sigma;
  vector[N] x;
}
generated quantities {
  vector[N] y;
  for (n in 1 : N) 
    y[n] = normal_rng(a + b * x[n], sigma);
}

  $ ../../../../../../install/default/bin/stanc --auto-format simplest-regression.stan
data {
  int<lower=0> N;
  vector[N] x;
  vector[N] y;
}
parameters {
  real a;
  real b;
  real<lower=0> sigma;
}
model {
  y ~ normal(a + b * x, sigma);
}

