  $ stanc lupdf_ident.stan
error: Identifier "y_lupdf" has a _lupdf/_lupmf suffix, which is only allowed for functions.
    ┌─ lupdf_ident.stan:2:10
  1 │  parameters {
  2 │      real y_lupdf;
    │           ^^^^^^^ Identifier "y_lupdf" has a _lupdf/_lupmf suffix, which is only allowed for functions.
  3 │  }
[exit 1]
  $ stanc lupdf_in_functions.stan
error: Invalid call to unnormalized probability function.
    ┌─ lupdf_in_functions.stan:3:16
  2 │      real test(real y) {
  3 │          return normal_lupdf(y|0,1);
    │                 ^^^^^^^^^^^^^^^^^^^ Unnormalized probability functions such as 
    │                                     "normal_lupdf" can
    │                                     only be used in the model block or in user-defined functions with names
    │                                     ending in _lpdf or _lpmf.
    │                                     Did you mean "normal_lpdf"?
  4 │      }
[exit 1]
  $ stanc lupdf_in_gq.stan
error: Invalid call to unnormalized probability function.
    ┌─ lupdf_in_gq.stan:8:14
  7 │  generated quantities {
  8 │      real x = normal_lupdf(y| 0, 1);
    │               ^^^^^^^^^^^^^^^^^^^^^ Unnormalized probability functions such as 
    │                                     "normal_lupdf" can
    │                                     only be used in the model block or in user-defined functions with names
    │                                     ending in _lpdf or _lpmf.
    │                                     Did you mean "normal_lpdf"?
  9 │  }
[exit 1]
  $ stanc lupdf_in_gq_rs.stan
error: Invalid call to unnormalized probability function.
    ┌─ lupdf_in_gq_rs.stan:14:25
 13 │  generated quantities {
 14 │      real x = reduce_sum(foo_lupdf,ya,1);
    │                          ^^^^^^^^^ Unnormalized probability functions such as "foo_lupdf" can
    │                                    only be used in the model block or in user-defined functions with names
    │                                    ending in _lpdf or _lpmf.
    │                                    Did you mean "foo_lpdf"?
 15 │  }
[exit 1]
  $ stanc lupdf_in_lp.stan
error: Invalid call to unnormalized probability function.
    ┌─ lupdf_in_lp.stan:3:19
  2 │      void foo_lp(real y1, real y2) {
  3 │          target += normal_lupdf(y1| y2, y2);
    │                    ^^^^^^^^^^^^^^^^^^^^^^^^ Unnormalized probability functions such as 
    │                                             "normal_lupdf" can
    │                                             only be used in the model block or in user-defined functions with names
    │                                             ending in _lpdf or _lpmf.
    │                                             Did you mean "normal_lpdf"?
  4 │      }
[exit 1]
  $ stanc lupdf_in_trans_data.stan
error: Invalid call to unnormalized probability function.
    ┌─ lupdf_in_trans_data.stan:3:14
  2 │      real p;
  3 │      real y = normal_lupdf(p| 0, 1);
    │               ^^^^^^^^^^^^^^^^^^^^^ Unnormalized probability functions such as 
    │                                     "normal_lupdf" can
    │                                     only be used in the model block or in user-defined functions with names
    │                                     ending in _lpdf or _lpmf.
    │                                     Did you mean "normal_lpdf"?
  4 │  }
[exit 1]
  $ stanc lupdf_in_trans_params.stan
error: Invalid call to unnormalized probability function.
    ┌─ lupdf_in_trans_params.stan:3:14
  2 │      real p;
  3 │      real y = normal_lupdf(p| 0, 1);
    │               ^^^^^^^^^^^^^^^^^^^^^ Unnormalized probability functions such as 
    │                                     "normal_lupdf" can
    │                                     only be used in the model block or in user-defined functions with names
    │                                     ending in _lpdf or _lpmf.
    │                                     Did you mean "normal_lpdf"?
  4 │  }
[exit 1]
  $ stanc lupdf_in_trans_params_rs.stan
error: Invalid call to unnormalized probability function.
    ┌─ lupdf_in_trans_params_rs.stan:9:25
  8 │      array[5] real ya;
  9 │      real y = reduce_sum(foo_lupdf,ya,1);
    │                          ^^^^^^^^^ Unnormalized probability functions such as "foo_lupdf" can
    │                                    only be used in the model block or in user-defined functions with names
    │                                    ending in _lpdf or _lpmf.
    │                                    Did you mean "foo_lpdf"?
 10 │  }
[exit 1]
  $ stanc lupmf_in_gq.stan
error: Invalid call to unnormalized probability function.
    ┌─ lupmf_in_gq.stan:11:14
 10 │  generated quantities {
 11 │      real x = poisson_lupmf(d | y);
    │               ^^^^^^^^^^^^^^^^^^^^ Unnormalized probability functions such as "poisson_lupmf" can
    │                                    only be used in the model block or in user-defined functions with names
    │                                    ending in _lpdf or _lpmf.
    │                                    Did you mean "poisson_lpmf"?
 12 │  }
[exit 1]
  $ stanc lupmf_in_lp.stan
error: Invalid call to unnormalized probability function.
    ┌─ lupmf_in_lp.stan:3:19
  2 │      void foo_lp(int i1, real r1) {
  3 │          target += poisson_lupmf(i1| r1);
    │                    ^^^^^^^^^^^^^^^^^^^^^ Unnormalized probability functions such as 
    │                                          "poisson_lupmf" can
    │                                          only be used in the model block or in user-defined functions with names
    │                                          ending in _lpdf or _lpmf.
    │                                          Did you mean "poisson_lpmf"?
  4 │      }
[exit 1]
  $ stanc lupmf_in_trans_data.stan
error: Invalid call to unnormalized probability function.
    ┌─ lupmf_in_trans_data.stan:7:14
  6 │      real y;
  7 │      real x = poisson_lupmf(d | y);
    │               ^^^^^^^^^^^^^^^^^^^^ Unnormalized probability functions such as "poisson_lupmf" can
    │                                    only be used in the model block or in user-defined functions with names
    │                                    ending in _lpdf or _lpmf.
    │                                    Did you mean "poisson_lpmf"?
  8 │  }
[exit 1]
  $ stanc lupmf_in_trans_params.stan
error: Invalid call to unnormalized probability function.
    ┌─ lupmf_in_trans_params.stan:6:14
  5 │      real y;
  6 │      real x = poisson_lupmf(d | y);
    │               ^^^^^^^^^^^^^^^^^^^^ Unnormalized probability functions such as "poisson_lupmf" can
    │                                    only be used in the model block or in user-defined functions with names
    │                                    ending in _lpdf or _lpmf.
    │                                    Did you mean "poisson_lpmf"?
  7 │  }
[exit 1]
  $ stanc not_in_scope.stan
error: Identifier "foo_lupdf" not in scope.
    ┌─ not_in_scope.stan:2:23
  1 │  generated quantities {
  2 │    real x = reduce_sum(foo_lupdf, blah, blah);
    │                        ^^^^^^^^^ Identifier "foo_lupdf" not in scope.
  3 │  }
[exit 1]
  $ stanc udf_lupdf.stan
error: Invalid user-defined function name.
    ┌─ udf_lupdf.stan:2:10
  1 │  functions {
  2 │      real foo_lupdf(real y) {
    │           ^^^^^^^^^ "foo_lupdf" is an invalid user-defined function name.
    │                     User-defined probability mass and density functions must
    │                     be defined as normalized.
  3 │          return 1.0;
    = Function names should end with _lpdf/_lpmf not _lupdf/_lupmf.
[exit 1]
  $ stanc udf_lupmf.stan
error: Invalid user-defined function name.
    ┌─ udf_lupmf.stan:2:10
  1 │  functions {
  2 │      real foo_lupmf(real y) {
    │           ^^^^^^^^^ "foo_lupmf" is an invalid user-defined function name.
    │                     User-defined probability mass and density functions must
    │                     be defined as normalized.
  3 │          return 1.0;
    = Function names should end with _lpdf/_lpmf not _lupdf/_lupmf.
[exit 1]
