  $ ../../../../../../../install/default/bin/stanc --auto-format seeds.stan
data {
  int<lower=0> I;
  array[I] int<lower=0> n;
  array[I] int<lower=0> N;
  vector[I] x1;
  vector[I] x2;
}
transformed data {
  int K;
  vector[I] x1x2;
  K <- 8;
  x1x2 <- x1 .* x2;
}
parameters {
  real alpha0;
  real alpha1;
  real alpha2;
  real alpha12;
  real<lower=0> tau;
  array[I] vector[K] b;
}
transformed parameters {
  real sigma;
  sigma <- 1 / sqrt(tau);
}
model {
  alpha0 ~ normal(0.0, 1.0E3);
  alpha1 ~ normal(0.0, 1.0E3);
  alpha2 ~ normal(0.0, 1.0E3);
  alpha12 ~ normal(0.0, 1.0E3);
  tau ~ gamma(1.0E-3, 1.0E-3);
  for (i in 1 : I) {
    b[i] ~ normal(0.0, sigma);
    n[i] ~ binomial_logit(N[i],
                          alpha0 + alpha1 * x1[i] + alpha2 * x2[i]
                          + alpha12 * x1x2[i] + b[i]);
  }
}


Warning: deprecated language construct used in 'seeds.stan', line 1, column 0:
   -------------------------------------------------
     1:  # Using Data Cloning to Calculate MLEs for the Seeds Model in vol1 
         ^
     2:  # http://www.openbugs.net/Examples/DataCloning.html
     3:  
   -------------------------------------------------

Comments beginning with # are deprecated. Please use // in place of # for line comments.


Warning: deprecated language construct used in 'seeds.stan', line 2, column 0:
   -------------------------------------------------
     1:  # Using Data Cloning to Calculate MLEs for the Seeds Model in vol1 
     2:  # http://www.openbugs.net/Examples/DataCloning.html
         ^
     3:  
     4:  # The basic idea is that we raise the likelihood in the 
   -------------------------------------------------

Comments beginning with # are deprecated. Please use // in place of # for line comments.


Warning: deprecated language construct used in 'seeds.stan', line 4, column 0:
   -------------------------------------------------
     2:  # http://www.openbugs.net/Examples/DataCloning.html
     3:  
     4:  # The basic idea is that we raise the likelihood in the 
         ^
     5:  # posterior to the power of K so that the posterior
     6:  # estimates would concentrate on the MLE estimates. 
   -------------------------------------------------

Comments beginning with # are deprecated. Please use // in place of # for line comments.


Warning: deprecated language construct used in 'seeds.stan', line 5, column 0:
   -------------------------------------------------
     3:  
     4:  # The basic idea is that we raise the likelihood in the 
     5:  # posterior to the power of K so that the posterior
         ^
     6:  # estimates would concentrate on the MLE estimates. 
     7:  # Reference: 
   -------------------------------------------------

Comments beginning with # are deprecated. Please use // in place of # for line comments.


Warning: deprecated language construct used in 'seeds.stan', line 6, column 0:
   -------------------------------------------------
     4:  # The basic idea is that we raise the likelihood in the 
     5:  # posterior to the power of K so that the posterior
     6:  # estimates would concentrate on the MLE estimates. 
         ^
     7:  # Reference: 
     8:  #   Ecology Letters
   -------------------------------------------------

Comments beginning with # are deprecated. Please use // in place of # for line comments.


Warning: deprecated language construct used in 'seeds.stan', line 7, column 0:
   -------------------------------------------------
     5:  # posterior to the power of K so that the posterior
     6:  # estimates would concentrate on the MLE estimates. 
     7:  # Reference: 
         ^
     8:  #   Ecology Letters
     9:  #   Subhash R. Lele Brian Dennis Frithjof Lutscher
   -------------------------------------------------

Comments beginning with # are deprecated. Please use // in place of # for line comments.


Warning: deprecated language construct used in 'seeds.stan', line 8, column 0:
   -------------------------------------------------
     6:  # estimates would concentrate on the MLE estimates. 
     7:  # Reference: 
     8:  #   Ecology Letters
         ^
     9:  #   Subhash R. Lele Brian Dennis Frithjof Lutscher
    10:  #   DOI: 10.1111/j.1461-0248.2007.01047.x
   -------------------------------------------------

Comments beginning with # are deprecated. Please use // in place of # for line comments.


Warning: deprecated language construct used in 'seeds.stan', line 9, column 0:
   -------------------------------------------------
     7:  # Reference: 
     8:  #   Ecology Letters
     9:  #   Subhash R. Lele Brian Dennis Frithjof Lutscher
         ^
    10:  #   DOI: 10.1111/j.1461-0248.2007.01047.x
    11:  #   http://onlinelibrary.wiley.com/doi/10.1111/j.1461-0248.2007.01047.x/abstract
   -------------------------------------------------

Comments beginning with # are deprecated. Please use // in place of # for line comments.


Warning: deprecated language construct used in 'seeds.stan', line 10, column 0:
   -------------------------------------------------
     8:  #   Ecology Letters
     9:  #   Subhash R. Lele Brian Dennis Frithjof Lutscher
    10:  #   DOI: 10.1111/j.1461-0248.2007.01047.x
         ^
    11:  #   http://onlinelibrary.wiley.com/doi/10.1111/j.1461-0248.2007.01047.x/abstract
    12:  
   -------------------------------------------------

Comments beginning with # are deprecated. Please use // in place of # for line comments.


Warning: deprecated language construct used in 'seeds.stan', line 11, column 0:
   -------------------------------------------------
     9:  #   Subhash R. Lele Brian Dennis Frithjof Lutscher
    10:  #   DOI: 10.1111/j.1461-0248.2007.01047.x
    11:  #   http://onlinelibrary.wiley.com/doi/10.1111/j.1461-0248.2007.01047.x/abstract
         ^
    12:  
    13:  
   -------------------------------------------------

Comments beginning with # are deprecated. Please use // in place of # for line comments.


Warning: deprecated language construct used in 'seeds.stan', line 25, column 7:
   -------------------------------------------------
    23:      int K; 
    24:      vector[I] x1x2;
    25:      K <- 8; // {1, 2, 4, 8, 16, 32, 64, 128, 256}
                ^
    26:      x1x2 <- x1 .* x2;
    27:  } 
   -------------------------------------------------

assignment operator <- is deprecated in the Stan language; use = instead.


Warning: deprecated language construct used in 'seeds.stan', line 26, column 10:
   -------------------------------------------------
    24:      vector[I] x1x2;
    25:      K <- 8; // {1, 2, 4, 8, 16, 32, 64, 128, 256}
    26:      x1x2 <- x1 .* x2;
                   ^
    27:  } 
    28:  
   -------------------------------------------------

assignment operator <- is deprecated in the Stan language; use = instead.


Warning: deprecated language construct used in 'seeds.stan', line 40, column 11:
   -------------------------------------------------
    38:  transformed parameters {
    39:      real sigma; 
    40:      sigma <- 1 / sqrt(tau); 
                    ^
    41:  } 
    42:  
   -------------------------------------------------

assignment operator <- is deprecated in the Stan language; use = instead.

