  $ ../../../../../install/default/bin/stanc falling_factorial.stan

Semantic error at file "falling_factorial.stan", line 7, characters 27-60:
  -------------------------------------------------
  transformed data {
    real transformed_data_real;
>   transformed_data_real <- falling_factorial(d_real, r_real);
  }
  
  -------------------------------------------------

Ill-typed arguments supplied to function falling_factorial. Available signatures: 
(int, int) => int
(real, int) => real
Instead supplied arguments of incompatible type: real, real.

  $ ../../../../../install/default/bin/stanc rising_factorial.stan

Semantic error at file "rising_factorial.stan", line 7, characters 29-61:
  -------------------------------------------------
  transformed parameters {
    real transformed_param_real;
>   transformed_param_real <-  rising_factorial(d_real, r_real);
  }
  -------------------------------------------------

Ill-typed arguments supplied to function rising_factorial. Available signatures: 
(int, int) => int
(real, int) => real
Instead supplied arguments of incompatible type: real, real.

